Java HotSpot(TM) 64-Bit Server VM (25.221-b11) for windows-amd64 JRE (1.8.0_221-b11), built on Jul  4 2019 04:39:29 by "java_re" with MS VC++ 10.0 (VS2010)
Memory: 4k page, physical 16688608k(8637464k free), swap 17737184k(6651392k free)
CommandLine flags: -XX:InitialHeapSize=1073741824 -XX:MaxHeapSize=1073741824 -XX:MaxNewSize=357916672 -XX:MaxTenuringThreshold=6 -XX:NewSize=357916672 -XX:OldPLABSize=16 -XX:OldSize=715825152 -XX:+PrintGC -XX:+PrintGCTimeStamps -XX:+UseCompressedClassPointers -XX:+UseCompressedOops -XX:+UseConcMarkSweepGC -XX:-UseLargePagesIndividualAllocation -XX:+UseParNewGC 
0.265: [GC (Allocation Failure)  279616K->92380K(1013632K), 0.0121260 secs]
0.308: [GC (Allocation Failure)  371996K->163514K(1013632K), 0.0151460 secs]
0.352: [GC (Allocation Failure)  443130K->244551K(1013632K), 0.0329342 secs]
0.412: [GC (Allocation Failure)  524167K->331475K(1013632K), 0.0348997 secs]
0.476: [GC (Allocation Failure)  611091K->407664K(1013632K), 0.0306084 secs]
0.506: [GC (CMS Initial Mark)  407770K(1013632K), 0.0001100 secs]
0.535: [GC (Allocation Failure)  687280K->486233K(1013632K), 0.0316222 secs]
0.594: [GC (Allocation Failure)  765136K->566441K(1013632K), 0.0327848 secs]
0.654: [GC (Allocation Failure)  846057K->648114K(1013632K), 0.0329192 secs]
0.716: [GC (Allocation Failure)  927730K->723750K(1013632K), 0.0297192 secs]
0.746: [GC (CMS Final Remark)  723909K(1013632K), 0.0007279 secs]
0.776: [GC (Allocation Failure)  868152K->669079K(1013632K), 0.0135046 secs]
0.790: [GC (CMS Initial Mark)  669367K(1013632K), 0.0000728 secs]
0.818: [Full GC (Allocation Failure)  948369K->355638K(1013632K), 0.0402848 secs]
0.889: [GC (Allocation Failure)  635254K->445565K(1013632K), 0.0109197 secs]
0.900: [GC (CMS Initial Mark)  451403K(1013632K), 0.0003776 secs]
0.932: [GC (Allocation Failure)  725181K->516846K(1013632K), 0.0138784 secs]
0.976: [GC (Allocation Failure)  796462K->591987K(1013632K), 0.0124346 secs]
1.017: [GC (Allocation Failure)  871603K->669736K(1013632K), 0.0141486 secs]
1.061: [Full GC (Allocation Failure)  949352K->370190K(1013632K), 0.0429196 secs]
1.133: [GC (Allocation Failure)  649806K->464818K(1013632K), 0.0113441 secs]
1.145: [GC (CMS Initial Mark)  471311K(1013632K), 0.0004016 secs]
