Java HotSpot(TM) 64-Bit Server VM (25.221-b11) for windows-amd64 JRE (1.8.0_221-b11), built on Jul  4 2019 04:39:29 by "java_re" with MS VC++ 10.0 (VS2010)
Memory: 4k page, physical 16688608k(8713100k free), swap 17737184k(6796556k free)
CommandLine flags: -XX:InitialHeapSize=1073741824 -XX:MaxHeapSize=1073741824 -XX:+PrintGC -XX:+PrintGCTimeStamps -XX:+UseCompressedClassPointers -XX:+UseCompressedOops -XX:+UseG1GC -XX:-UseLargePagesIndividualAllocation 
0.196: [GC pause (G1 Evacuation Pause) (young) 62M->20M(1024M), 0.0043168 secs]
0.210: [GC pause (G1 Evacuation Pause) (young) 78M->44M(1024M), 0.0039429 secs]
0.223: [GC pause (G1 Evacuation Pause) (young) 99M->63M(1024M), 0.0041397 secs]
0.237: [GC pause (G1 Evacuation Pause) (young) 126M->85M(1024M), 0.0040919 secs]
0.260: [GC pause (G1 Evacuation Pause) (young) 184M->118M(1024M), 0.0049404 secs]
0.283: [GC pause (G1 Evacuation Pause) (young) 232M->152M(1024M), 0.0055825 secs]
0.313: [GC pause (G1 Evacuation Pause) (young) 298M->203M(1024M), 0.0076400 secs]
0.367: [GC pause (G1 Evacuation Pause) (young) 423M->262M(1024M), 0.0092227 secs]
0.408: [GC pause (G1 Evacuation Pause) (young) 503M->326M(1024M), 0.0097219 secs]
0.491: [GC pause (G1 Humongous Allocation) (young) (initial-mark) 697M->407M(1024M), 0.0126720 secs]
0.504: [GC concurrent-root-region-scan-start] 并发标记
0.504: [GC concurrent-root-region-scan-end, 0.0001792 secs]
0.504: [GC concurrent-mark-start]
0.506: [GC concurrent-mark-end, 0.0022129 secs]
0.506: [GC remark, 0.0014493 secs]
0.508: [GC cleanup 423M->409M(1024M), 0.0010292 secs]
0.509: [GC concurrent-cleanup-start]
0.509: [GC concurrent-cleanup-end, 0.0000140 secs]
0.543: [GC pause (G1 Evacuation Pause) (young) 690M->452M(1024M), 0.0125914 secs]
0.558: [GC pause (G1 Evacuation Pause) (mixed) 466M->383M(1024M), 0.0063954 secs]
0.577: [GC pause (G1 Humongous Allocation) (young) (initial-mark) 495M->415M(1024M), 0.0038118 secs]
0.581: [GC concurrent-root-region-scan-start]
0.581: [GC concurrent-root-region-scan-end, 0.0001478 secs]
0.581: [GC concurrent-mark-start]
0.583: [GC concurrent-mark-end, 0.0018022 secs]
0.583: [GC remark, 0.0019658 secs]
0.585: [GC cleanup 425M->420M(1024M), 0.0006535 secs]
0.586: [GC concurrent-cleanup-start]
0.586: [GC concurrent-cleanup-end, 0.0000077 secs]
0.638: [GC pause (G1 Evacuation Pause) (young)-- 825M->529M(1024M), 0.0127330 secs]
0.653: [GC pause (G1 Evacuation Pause) (mixed) 539M->473M(1024M), 0.0063917 secs]
0.661: [GC pause (G1 Humongous Allocation) (young) (initial-mark) 486M->474M(1024M), 0.0012345 secs]
0.662: [GC concurrent-root-region-scan-start]
0.662: [GC concurrent-root-region-scan-end, 0.0001324 secs]
0.662: [GC concurrent-mark-start]
0.664: [GC concurrent-mark-end, 0.0016432 secs]
0.664: [GC remark, 0.0016235 secs]
0.666: [GC cleanup 491M->485M(1024M), 0.0006648 secs]
0.666: [GC concurrent-cleanup-start]
0.666: [GC concurrent-cleanup-end, 0.0000085 secs]
0.708: [GC pause (G1 Evacuation Pause) (young) 845M->549M(1024M), 0.0082404 secs]
0.718: [GC pause (G1 Evacuation Pause) (mixed) 565M->464M(1024M), 0.0064710 secs]
0.731: [GC pause (G1 Evacuation Pause) (mixed) 523M->457M(1024M), 0.0043615 secs]
0.735: [GC pause (G1 Humongous Allocation) (young) (initial-mark) 458M->458M(1024M), 0.0013042 secs]
0.736: [GC concurrent-root-region-scan-start]
0.737: [GC concurrent-root-region-scan-end, 0.0001606 secs]
0.737: [GC concurrent-mark-start]
0.739: [GC concurrent-mark-end, 0.0019240 secs]
0.739: [GC remark, 0.0011222 secs]
0.740: [GC cleanup 475M->468M(1024M), 0.0005643 secs]
0.740: [GC concurrent-cleanup-start]
0.740: [GC concurrent-cleanup-end, 0.0000095 secs]
0.784: [GC pause (G1 Evacuation Pause) (young)-- 864M->665M(1024M), 0.0065781 secs]
0.792: [GC pause (G1 Evacuation Pause) (mixed) 676M->591M(1024M), 0.0065332 secs]
0.805: [GC pause (G1 Evacuation Pause) (mixed) 654M->605M(1024M), 0.0031166 secs]
0.809: [GC pause (G1 Humongous Allocation) (young) (initial-mark) 609M->604M(1024M), 0.0015341 secs]
0.810: [GC concurrent-root-region-scan-start]
0.810: [GC concurrent-root-region-scan-end, 0.0000784 secs]
0.810: [GC concurrent-mark-start]
0.812: [GC concurrent-mark-end, 0.0017651 secs]
0.812: [GC remark, 0.0013445 secs]
0.813: [GC cleanup 623M->612M(1024M), 0.0006527 secs]
0.814: [GC concurrent-cleanup-start]
0.814: [GC concurrent-cleanup-end, 0.0000103 secs]
0.841: [GC pause (G1 Evacuation Pause) (young) 845M->647M(1024M), 0.0064303 secs]
0.852: [GC pause (G1 Evacuation Pause) (mixed) 675M->560M(1024M), 0.0047384 secs]
0.862: [GC pause (G1 Evacuation Pause) (mixed) 616M->499M(1024M), 0.0053701 secs]
0.873: [GC pause (G1 Evacuation Pause) (mixed) 557M->476M(1024M), 0.0050099 secs]
0.879: [GC pause (G1 Humongous Allocation) (young) (initial-mark) 479M->477M(1024M), 0.0013736 secs]
0.881: [GC concurrent-root-region-scan-start]
0.881: [GC concurrent-root-region-scan-end, 0.0000576 secs]
0.881: [GC concurrent-mark-start]
0.883: [GC concurrent-mark-end, 0.0021941 secs]
0.883: [GC remark, 0.0010983 secs]
0.884: [GC cleanup 494M->490M(1024M), 0.0005845 secs]
0.885: [GC concurrent-cleanup-start]
0.885: [GC concurrent-cleanup-end, 0.0000074 secs]
0.926: [GC pause (G1 Evacuation Pause) (young)-- 876M->711M(1024M), 0.0060800 secs]
0.934: [GC pause (G1 Evacuation Pause) (mixed) 724M->645M(1024M), 0.0073500 secs]
0.947: [GC pause (G1 Evacuation Pause) (mixed) 707M->656M(1024M), 0.0040104 secs]
0.952: [GC pause (G1 Humongous Allocation) (young) (initial-mark) 658M->655M(1024M), 0.0016267 secs]
0.953: [GC concurrent-root-region-scan-start]
0.953: [GC concurrent-root-region-scan-end, 0.0000869 secs]
0.953: [GC concurrent-mark-start]
0.955: [GC concurrent-mark-end, 0.0020260 secs]
0.956: [GC remark, 0.0011456 secs]
0.957: [GC cleanup 672M->659M(1024M), 0.0005257 secs]
0.957: [GC concurrent-cleanup-start]
0.957: [GC concurrent-cleanup-end, 0.0000161 secs]
0.979: [GC pause (G1 Evacuation Pause) (young) 856M->697M(1024M), 0.0060710 secs]
0.989: [GC pause (G1 Evacuation Pause) (mixed) 733M->611M(1024M), 0.0047775 secs]
1.000: [GC pause (G1 Evacuation Pause) (mixed) 662M->539M(1024M), 0.0052247 secs]
1.011: [GC pause (G1 Evacuation Pause) (mixed) 592M->484M(1024M), 0.0062659 secs]
1.018: [GC pause (G1 Humongous Allocation) (young) (initial-mark) 488M->485M(1024M), 0.0021286 secs]
1.020: [GC concurrent-root-region-scan-start]
1.020: [GC concurrent-root-region-scan-end, 0.0001048 secs]
1.020: [GC concurrent-mark-start]
1.022: [GC concurrent-mark-end, 0.0016180 secs]
1.022: [GC remark, 0.0011208 secs]
1.023: [GC cleanup 503M->495M(1024M), 0.0005061 secs]
1.024: [GC concurrent-cleanup-start]
1.024: [GC concurrent-cleanup-end, 0.0000078 secs]
1.064: [GC pause (G1 Evacuation Pause) (young)-- 858M->667M(1024M), 0.0083830 secs]
1.074: [GC pause (G1 Evacuation Pause) (mixed) 678M->603M(1024M), 0.0067587 secs]
1.082: [GC pause (G1 Humongous Allocation) (young) (initial-mark) 606M->603M(1024M), 0.0013310 secs]
1.083: [GC concurrent-root-region-scan-start]
1.083: [GC concurrent-root-region-scan-end, 0.0001088 secs]
1.083: [GC concurrent-mark-start]
1.085: [GC concurrent-mark-end, 0.0020191 secs]
1.086: [GC remark, 0.0011293 secs]
1.087: [GC cleanup 620M->614M(1024M), 0.0005247 secs]
1.087: [GC concurrent-cleanup-start]
1.087: [GC concurrent-cleanup-end, 0.0000080 secs]
1.112: [GC pause (G1 Evacuation Pause) (young) 843M->662M(1024M), 0.0075493 secs]
1.124: [GC pause (G1 Evacuation Pause) (mixed) 690M->571M(1024M), 0.0042631 secs]
1.135: [GC pause (G1 Evacuation Pause) (mixed) 636M->508M(1024M), 0.0058513 secs]
1.147: [GC pause (G1 Evacuation Pause) (mixed) 563M->486M(1024M), 0.0052750 secs]
1.153: [GC pause (G1 Humongous Allocation) (young) (initial-mark) 488M->486M(1024M), 0.0011527 secs]
1.154: [GC concurrent-root-region-scan-start]
1.154: [GC concurrent-root-region-scan-end, 0.0001442 secs]
1.154: [GC concurrent-mark-start]
1.156: [GC concurrent-mark-end, 0.0017229 secs]
1.156: [GC remark, 0.0010711 secs]
1.157: [GC cleanup 507M->504M(1024M), 0.0004546 secs]
1.158: [GC concurrent-cleanup-start]
1.158: [GC concurrent-cleanup-end, 0.0000064 secs]
