Java HotSpot(TM) 64-Bit Server VM (25.221-b11) for windows-amd64 JRE (1.8.0_221-b11), built on Jul  4 2019 04:39:29 by "java_re" with MS VC++ 10.0 (VS2010)
Memory: 4k page, physical 16688608k(8705972k free), swap 17737184k(6839312k free)
CommandLine flags: -XX:InitialHeapSize=2147483648 -XX:MaxHeapSize=2147483648 -XX:+PrintGC -XX:+PrintGCTimeStamps -XX:+UseCompressedClassPointers -XX:+UseCompressedOops -XX:+UseG1GC -XX:-UseLargePagesIndividualAllocation 
0.242: [GC pause (G1 Evacuation Pause) (young) 129M->44M(2048M), 0.0052256 secs]
0.262: [GC pause (G1 Evacuation Pause) (young) 155M->78M(2048M), 0.0052982 secs]
0.283: [GC pause (G1 Evacuation Pause) (young) 186M->104M(2048M), 0.0051760 secs]
0.303: [GC pause (G1 Evacuation Pause) (young) 217M->145M(2048M), 0.0065751 secs]
0.326: [GC pause (G1 Evacuation Pause) (young) 259M->177M(2048M), 0.0049580 secs]
0.355: [GC pause (G1 Evacuation Pause) (young) 324M->218M(2048M), 0.0065432 secs]
0.388: [GC pause (G1 Evacuation Pause) (young) 390M->268M(2048M), 0.0076766 secs]
0.437: [GC pause (G1 Evacuation Pause) (young) 508M->331M(2048M), 0.0092992 secs]
0.565: [GC pause (G1 Evacuation Pause) (young) 813M->445M(2048M), 0.0158354 secs]
0.610: [GC pause (G1 Evacuation Pause) (young) 704M->509M(2048M), 0.0113470 secs]
0.691: [GC pause (G1 Evacuation Pause) (young) 997M->604M(2048M), 0.0139890 secs]
0.764: [GC pause (G1 Evacuation Pause) (young) 1124M->708M(2048M), 0.0172317 secs]
0.844: [GC pause (G1 Evacuation Pause) (young) 1252M->793M(2048M), 0.0166939 secs]
0.904: [GC pause (G1 Humongous Allocation) (young) (initial-mark) 1183M->862M(2048M), 0.0133806 secs]
0.918: [GC concurrent-root-region-scan-start]
0.918: [GC concurrent-root-region-scan-end, 0.0001764 secs]
0.918: [GC concurrent-mark-start]
0.921: [GC concurrent-mark-end, 0.0032942 secs]
0.921: [GC remark, 0.0012699 secs]
0.923: [GC cleanup 893M->675M(2048M), 0.0008771 secs]
0.924: [GC concurrent-cleanup-start]
0.924: [GC concurrent-cleanup-end, 0.0001409 secs]
1.111: [GC pause (G1 Evacuation Pause) (young) 1539M->772M(2048M), 0.0246951 secs]
1.137: [GC pause (G1 Evacuation Pause) (mixed) 780M->640M(2048M), 0.0112819 secs]
1.163: [GC pause (G1 Evacuation Pause) (mixed) 764M->621M(2048M), 0.0053115 secs]
