Java HotSpot(TM) 64-Bit Server VM (25.221-b11) for windows-amd64 JRE (1.8.0_221-b11), built on Jul  4 2019 04:39:29 by "java_re" with MS VC++ 10.0 (VS2010)
Memory: 4k page, physical 16688608k(8832892k free), swap 17737184k(6966748k free)
CommandLine flags: -XX:InitialHeapSize=268435456 -XX:MaxHeapSize=268435456 -XX:+PrintGC -XX:+PrintGCDetails -XX:+PrintGCTimeStamps -XX:+UseCompressedClassPointers -XX:+UseCompressedOops -XX:-UseLargePagesIndividualAllocation -XX:+UseSerialGC 
0.183: [GC (Allocation Failure) 0.183: [DefNew: 69952K->8703K(78656K), 0.0092673 secs] 69952K->21506K(253440K), 0.0094327 secs] [Times: user=0.00 sys=0.00, real=0.01 secs] 
0.202: [GC (Allocation Failure) 0.202: [DefNew: 78655K->8703K(78656K), 0.0121942 secs] 91458K->43096K(253440K), 0.0122417 secs] [Times: user=0.00 sys=0.02, real=0.01 secs] 
0.223: [GC (Allocation Failure) 0.223: [DefNew: 78655K->8700K(78656K), 0.0097596 secs] 113048K->64326K(253440K), 0.0098069 secs] [Times: user=0.02 sys=0.00, real=0.01 secs] 
0.239: [GC (Allocation Failure) 0.239: [DefNew: 78652K->8697K(78656K), 0.0107407 secs] 134278K->89178K(253440K), 0.0107902 secs] [Times: user=0.02 sys=0.00, real=0.01 secs] 
0.257: [GC (Allocation Failure) 0.258: [DefNew: 78002K->8687K(78656K), 0.0085229 secs] 158483K->107486K(253440K), 0.0085701 secs] [Times: user=0.00 sys=0.00, real=0.01 secs] 
0.274: [GC (Allocation Failure) 0.274: [DefNew: 78639K->8701K(78656K), 0.0113219 secs] 177438K->133046K(253440K), 0.0113761 secs] [Times: user=0.00 sys=0.00, real=0.01 secs] 
0.293: [GC (Allocation Failure) 0.293: [DefNew: 78653K->8702K(78656K), 0.0093458 secs] 202998K->154406K(253440K), 0.0093922 secs] [Times: user=0.00 sys=0.00, real=0.01 secs] 
0.309: [GC (Allocation Failure) 0.309: [DefNew: 78404K->8702K(78656K), 0.0096854 secs] 224108K->176722K(253440K), 0.0097343 secs] [Times: user=0.00 sys=0.00, real=0.01 secs] 
0.327: [GC (Allocation Failure) 0.327: [DefNew: 78494K->78494K(78656K), 0.0000119 secs]0.327: [Tenured: 168020K->168288K(174784K), 0.0178909 secs] 246514K->168288K(253440K), [Metaspace: 2771K->2771K(1056768K)], 0.0179697 secs] [Times: user=0.01 sys=0.00, real=0.02 secs] 
0.352: [GC (Allocation Failure) 0.352: [DefNew: 69952K->69952K(78656K), 0.0000105 secs]0.352: [Tenured: 168288K->174719K(174784K), 0.0222721 secs] 238240K->183054K(253440K), [Metaspace: 2771K->2771K(1056768K)], 0.0223482 secs] [Times: user=0.02 sys=0.00, real=0.02 secs] 
0.383: [Full GC (Allocation Failure) 0.383: [Tenured: 174719K->174085K(174784K), 0.0207602 secs] 253169K->193470K(253440K), [Metaspace: 2771K->2771K(1056768K)], 0.0208281 secs] [Times: user=0.02 sys=0.00, real=0.02 secs] 
0.410: [Full GC (Allocation Failure) 0.410: [Tenured: 174553K->174617K(174784K), 0.0232817 secs] 253158K->192237K(253440K), [Metaspace: 2771K->2771K(1056768K)], 0.0233333 secs] [Times: user=0.03 sys=0.00, real=0.02 secs] 
0.440: [Full GC (Allocation Failure) 0.440: [Tenured: 174617K->174617K(174784K), 0.0051285 secs] 252914K->209858K(253440K), [Metaspace: 2771K->2771K(1056768K)], 0.0051877 secs] [Times: user=0.00 sys=0.00, real=0.01 secs] 
0.451: [Full GC (Allocation Failure) 0.451: [Tenured: 174617K->174760K(174784K), 0.0151551 secs] 253100K->213387K(253440K), [Metaspace: 2771K->2771K(1056768K)], 0.0152193 secs] [Times: user=0.01 sys=0.00, real=0.01 secs] 
0.471: [Full GC (Allocation Failure) 0.471: [Tenured: 174760K->174627K(174784K), 0.0178007 secs] 253266K->219430K(253440K), [Metaspace: 2771K->2771K(1056768K)], 0.0178517 secs] [Times: user=0.02 sys=0.00, real=0.02 secs] 
0.493: [Full GC (Allocation Failure) 0.493: [Tenured: 174750K->174749K(174784K), 0.0271532 secs] 253404K->219809K(253440K), [Metaspace: 2771K->2771K(1056768K)], 0.0272039 secs] [Times: user=0.02 sys=0.00, real=0.03 secs] 
0.524: [Full GC (Allocation Failure) 0.524: [Tenured: 174749K->174749K(174784K), 0.0063141 secs] 253355K->230666K(253440K), [Metaspace: 2771K->2771K(1056768K)], 0.0063677 secs] [Times: user=0.00 sys=0.00, real=0.01 secs] 
0.533: [Full GC (Allocation Failure) 0.533: [Tenured: 174749K->174749K(174784K), 0.0069591 secs] 253327K->237279K(253440K), [Metaspace: 2771K->2771K(1056768K)], 0.0070111 secs] [Times: user=0.02 sys=0.00, real=0.01 secs] 
0.543: [Full GC (Allocation Failure) 0.543: [Tenured: 174749K->174716K(174784K), 0.0102929 secs] 253335K->240985K(253440K), [Metaspace: 2771K->2771K(1056768K)], 0.0103470 secs] [Times: user=0.00 sys=0.00, real=0.01 secs] 
0.554: [Full GC (Allocation Failure) 0.554: [Tenured: 174716K->174345K(174784K), 0.0251839 secs] 253289K->234931K(253440K), [Metaspace: 2771K->2771K(1056768K)], 0.0252399 secs] [Times: user=0.03 sys=0.00, real=0.02 secs] 
0.581: [Full GC (Allocation Failure) 0.581: [Tenured: 174438K->174438K(174784K), 0.0079866 secs] 253006K->242235K(253440K), [Metaspace: 2771K->2771K(1056768K)], 0.0080385 secs] [Times: user=0.01 sys=0.00, real=0.01 secs] 
0.591: [Full GC (Allocation Failure) 0.591: [Tenured: 174726K->174726K(174784K), 0.0061505 secs] 253286K->244845K(253440K), [Metaspace: 2771K->2771K(1056768K)], 0.0061982 secs] [Times: user=0.00 sys=0.00, real=0.01 secs] 
0.598: [Full GC (Allocation Failure) 0.598: [Tenured: 174726K->174442K(174784K), 0.0112920 secs] 253353K->246646K(253440K), [Metaspace: 2771K->2771K(1056768K)], 0.0113335 secs] [Times: user=0.02 sys=0.00, real=0.01 secs] 
0.610: [Full GC (Allocation Failure) 0.610: [Tenured: 174442K->174723K(174784K), 0.0273082 secs] 252971K->238746K(253440K), [Metaspace: 2771K->2771K(1056768K)], 0.0273508 secs] [Times: user=0.03 sys=0.00, real=0.03 secs] 
0.640: [Full GC (Allocation Failure) 0.640: [Tenured: 174723K->174723K(174784K), 0.0077143 secs] 253024K->242044K(253440K), [Metaspace: 2771K->2771K(1056768K)], 0.0077687 secs] [Times: user=0.00 sys=0.00, real=0.01 secs] 
0.649: [Full GC (Allocation Failure) 0.649: [Tenured: 174723K->174723K(174784K), 0.0017966 secs] 253307K->245194K(253440K), [Metaspace: 2771K->2771K(1056768K)], 0.0018330 secs] [Times: user=0.00 sys=0.00, real=0.00 secs] 
0.652: [Full GC (Allocation Failure) 0.652: [Tenured: 174723K->174723K(174784K), 0.0063795 secs] 253106K->247678K(253440K), [Metaspace: 2771K->2771K(1056768K)], 0.0064317 secs] [Times: user=0.00 sys=0.00, real=0.01 secs] 
0.659: [Full GC (Allocation Failure) 0.659: [Tenured: 174759K->174596K(174784K), 0.0287733 secs] 253384K->243156K(253440K), [Metaspace: 2771K->2771K(1056768K)], 0.0288143 secs] [Times: user=0.03 sys=0.00, real=0.03 secs] 
0.689: [Full GC (Allocation Failure) 0.689: [Tenured: 174596K->174596K(174784K), 0.0078315 secs] 252892K->248061K(253440K), [Metaspace: 2771K->2771K(1056768K)], 0.0078787 secs] [Times: user=0.02 sys=0.00, real=0.01 secs] 
0.698: [Full GC (Allocation Failure) 0.698: [Tenured: 174596K->174596K(174784K), 0.0091600 secs] 253163K->248677K(253440K), [Metaspace: 2771K->2771K(1056768K)], 0.0092027 secs] [Times: user=0.00 sys=0.00, real=0.01 secs] 
0.707: [Full GC (Allocation Failure) 0.707: [Tenured: 174596K->174596K(174784K), 0.0031457 secs] 253104K->249310K(253440K), [Metaspace: 2771K->2771K(1056768K)], 0.0031828 secs] [Times: user=0.01 sys=0.00, real=0.00 secs] 
0.711: [Full GC (Allocation Failure) 0.711: [Tenured: 174596K->174080K(174784K), 0.0289665 secs] 253169K->247538K(253440K), [Metaspace: 2771K->2771K(1056768K)], 0.0290081 secs] [Times: user=0.02 sys=0.00, real=0.03 secs] 
0.741: [Full GC (Allocation Failure) 0.741: [Tenured: 174779K->174779K(174784K), 0.0083075 secs] 253435K->249958K(253440K), [Metaspace: 2771K->2771K(1056768K)], 0.0083495 secs] [Times: user=0.01 sys=0.00, real=0.01 secs] 
0.750: [Full GC (Allocation Failure) 0.750: [Tenured: 174779K->174779K(174784K), 0.0048060 secs] 253359K->250981K(253440K), [Metaspace: 2771K->2771K(1056768K)], 0.0048506 secs] [Times: user=0.00 sys=0.00, real=0.01 secs] 
0.755: [Full GC (Allocation Failure) 0.755: [Tenured: 174779K->174779K(174784K), 0.0014105 secs] 253366K->251753K(253440K), [Metaspace: 2771K->2771K(1056768K)], 0.0014451 secs] [Times: user=0.00 sys=0.00, real=0.00 secs] 
0.757: [Full GC (Allocation Failure) 0.757: [Tenured: 174779K->174695K(174784K), 0.0265354 secs] 253069K->249419K(253440K), [Metaspace: 2771K->2771K(1056768K)], 0.0265782 secs] [Times: user=0.03 sys=0.00, real=0.03 secs] 
0.784: [Full GC (Allocation Failure) 0.784: [Tenured: 174695K->174695K(174784K), 0.0014320 secs] 252610K->249947K(253440K), [Metaspace: 2771K->2771K(1056768K)], 0.0014645 secs] [Times: user=0.00 sys=0.00, real=0.00 secs] 
0.786: [Full GC (Allocation Failure) 0.786: [Tenured: 174695K->174695K(174784K), 0.0068687 secs] 252870K->251004K(253440K), [Metaspace: 2771K->2771K(1056768K)], 0.0069103 secs] [Times: user=0.02 sys=0.00, real=0.01 secs] 
0.793: [Full GC (Allocation Failure) 0.793: [Tenured: 174695K->174695K(174784K), 0.0073793 secs] 253272K->251892K(253440K), [Metaspace: 2771K->2771K(1056768K)], 0.0074230 secs] [Times: user=0.00 sys=0.00, real=0.01 secs] 
0.801: [Full GC (Allocation Failure) 0.801: [Tenured: 174777K->174653K(174784K), 0.0258608 secs] 253422K->250694K(253440K), [Metaspace: 2771K->2771K(1056768K)], 0.0259034 secs] [Times: user=0.03 sys=0.00, real=0.03 secs] 
0.827: [Full GC (Allocation Failure) 0.827: [Tenured: 174653K->174653K(174784K), 0.0020949 secs] 253150K->251156K(253440K), [Metaspace: 2771K->2771K(1056768K)], 0.0021379 secs] [Times: user=0.00 sys=0.00, real=0.00 secs] 
0.830: [Full GC (Allocation Failure) 0.830: [Tenured: 174744K->174744K(174784K), 0.0013765 secs] 253395K->251985K(253440K), [Metaspace: 2771K->2771K(1056768K)], 0.0014087 secs] [Times: user=0.00 sys=0.00, real=0.00 secs] 
0.832: [Full GC (Allocation Failure) 0.832: [Tenured: 174744K->174744K(174784K), 0.0037594 secs] 253122K->252187K(253440K), [Metaspace: 2771K->2771K(1056768K)], 0.0038000 secs] [Times: user=0.00 sys=0.00, real=0.00 secs] 
0.836: [Full GC (Allocation Failure) 0.836: [Tenured: 174744K->174634K(174784K), 0.0275608 secs] 253346K->251033K(253440K), [Metaspace: 2771K->2771K(1056768K)], 0.0276039 secs] [Times: user=0.01 sys=0.00, real=0.03 secs] 
0.864: [Full GC (Allocation Failure) 0.864: [Tenured: 174743K->174743K(174784K), 0.0042279 secs] 253389K->251908K(253440K), [Metaspace: 2771K->2771K(1056768K)], 0.0042693 secs] [Times: user=0.02 sys=0.00, real=0.00 secs] 
0.868: [Full GC (Allocation Failure) 0.868: [Tenured: 174743K->174743K(174784K), 0.0077667 secs] 253370K->252243K(253440K), [Metaspace: 2771K->2771K(1056768K)], 0.0078081 secs] [Times: user=0.00 sys=0.00, real=0.01 secs] 
0.877: [Full GC (Allocation Failure) 0.877: [Tenured: 174743K->174743K(174784K), 0.0051914 secs] 253144K->252220K(253440K), [Metaspace: 2771K->2771K(1056768K)], 0.0052371 secs] [Times: user=0.00 sys=0.00, real=0.00 secs] 
0.882: [Full GC (Allocation Failure) 0.882: [Tenured: 174743K->174680K(174784K), 0.0168864 secs] 253178K->251791K(253440K), [Metaspace: 2771K->2771K(1056768K)], 0.0169318 secs] [Times: user=0.03 sys=0.00, real=0.02 secs] 
0.899: [Full GC (Allocation Failure) 0.899: [Tenured: 174680K->174680K(174784K), 0.0027864 secs] 252585K->251927K(253440K), [Metaspace: 2771K->2771K(1056768K)], 0.0028247 secs] [Times: user=0.00 sys=0.00, real=0.00 secs] 
0.902: [Full GC (Allocation Failure) 0.902: [Tenured: 174680K->174680K(174784K), 0.0018689 secs] 253101K->252129K(253440K), [Metaspace: 2771K->2771K(1056768K)], 0.0019033 secs] [Times: user=0.00 sys=0.00, real=0.00 secs] 
0.904: [Full GC (Allocation Failure) 0.904: [Tenured: 174680K->174680K(174784K), 0.0013466 secs] 253244K->252491K(253440K), [Metaspace: 2771K->2771K(1056768K)], 0.0013799 secs] [Times: user=0.00 sys=0.00, real=0.00 secs] 
0.906: [Full GC (Allocation Failure) 0.906: [Tenured: 174680K->174690K(174784K), 0.0233377 secs] 252953K->251968K(253440K), [Metaspace: 2771K->2771K(1056768K)], 0.0233824 secs] [Times: user=0.03 sys=0.00, real=0.02 secs] 
0.930: [Full GC (Allocation Failure) 0.930: [Tenured: 174690K->174690K(174784K), 0.0051073 secs] 253170K->252384K(253440K), [Metaspace: 2771K->2771K(1056768K)], 0.0051532 secs] [Times: user=0.00 sys=0.00, real=0.00 secs] 
0.935: [Full GC (Allocation Failure) 0.935: [Tenured: 174690K->174690K(174784K), 0.0015166 secs] 253206K->252481K(253440K), [Metaspace: 2771K->2771K(1056768K)], 0.0015526 secs] [Times: user=0.00 sys=0.00, real=0.00 secs] 
0.937: [Full GC (Allocation Failure) 0.937: [Tenured: 174690K->174690K(174784K), 0.0011914 secs] 252955K->252481K(253440K), [Metaspace: 2771K->2771K(1056768K)], 0.0012232 secs] [Times: user=0.00 sys=0.00, real=0.00 secs] 
0.938: [Full GC (Allocation Failure) 0.938: [Tenured: 174690K->174625K(174784K), 0.0111211 secs] 253319K->252232K(253440K), [Metaspace: 2771K->2771K(1056768K)], 0.0111639 secs] [Times: user=0.02 sys=0.00, real=0.01 secs] 
0.950: [Full GC (Allocation Failure) 0.950: [Tenured: 174697K->174697K(174784K), 0.0018742 secs] 253332K->253043K(253440K), [Metaspace: 2771K->2771K(1056768K)], 0.0019177 secs] [Times: user=0.00 sys=0.00, real=0.00 secs] 
0.952: [Full GC (Allocation Failure) 0.952: [Tenured: 174697K->174697K(174784K), 0.0013628 secs] 253187K->253187K(253440K), [Metaspace: 2771K->2771K(1056768K)], 0.0014015 secs] [Times: user=0.00 sys=0.00, real=0.00 secs] 
0.953: [Full GC (Allocation Failure) 0.953: [Tenured: 174697K->174256K(174784K), 0.0181671 secs] 253187K->252747K(253440K), [Metaspace: 2771K->2771K(1056768K)], 0.0182029 secs] [Times: user=0.02 sys=0.00, real=0.02 secs] 
0.971: [Full GC (Allocation Failure) 0.971: [Tenured: 174570K->174256K(174784K), 0.0013422 secs] 253213K->252603K(253440K), [Metaspace: 2771K->2771K(1056768K)], 0.0013697 secs] [Times: user=0.00 sys=0.00, real=0.00 secs] 
0.973: [Full GC (Allocation Failure) 0.973: [Tenured: 174763K->174763K(174784K), 0.0010721 secs] 253412K->253145K(253440K), [Metaspace: 2771K->2771K(1056768K)], 0.0011000 secs] [Times: user=0.00 sys=0.00, real=0.00 secs] 
0.974: [Full GC (Allocation Failure) 0.974: [Tenured: 174763K->174763K(174784K), 0.0010847 secs] 253360K->253193K(253440K), [Metaspace: 2771K->2771K(1056768K)], 0.0011136 secs] [Times: user=0.00 sys=0.00, real=0.00 secs] 
0.975: [Full GC (Allocation Failure) 0.975: [Tenured: 174763K->174335K(174784K), 0.0126725 secs] 253193K->252766K(253440K), [Metaspace: 2771K->2771K(1056768K)], 0.0127082 secs] [Times: user=0.01 sys=0.00, real=0.01 secs] 
Heap
 def new generation   total 78656K, used 78436K [0x00000000f0000000, 0x00000000f5550000, 0x00000000f5550000)
  eden space 69952K, 100% used [0x00000000f0000000, 0x00000000f4450000, 0x00000000f4450000)
  from space 8704K,  97% used [0x00000000f4450000, 0x00000000f4c99068, 0x00000000f4cd0000)
  to   space 8704K,   0% used [0x00000000f4cd0000, 0x00000000f4cd0000, 0x00000000f5550000)
 tenured generation   total 174784K, used 174335K [0x00000000f5550000, 0x0000000100000000, 0x0000000100000000)
   the space 174784K,  99% used [0x00000000f5550000, 0x00000000fff8ffa0, 0x00000000fff90000, 0x0000000100000000)
 Metaspace       used 2801K, capacity 4486K, committed 4864K, reserved 1056768K
  class space    used 311K, capacity 386K, committed 512K, reserved 1048576K
