Java HotSpot(TM) 64-Bit Server VM (25.221-b11) for windows-amd64 JRE (1.8.0_221-b11), built on Jul  4 2019 04:39:29 by "java_re" with MS VC++ 10.0 (VS2010)
Memory: 4k page, physical 16688608k(8631004k free), swap 17737184k(6638872k free)
CommandLine flags: -XX:InitialHeapSize=268435456 -XX:MaxHeapSize=268435456 -XX:MaxNewSize=89481216 -XX:MaxTenuringThreshold=6 -XX:NewSize=89481216 -XX:OldPLABSize=16 -XX:OldSize=178954240 -XX:+PrintGC -XX:+PrintGCTimeStamps -XX:+UseCompressedClassPointers -XX:+UseCompressedOops -XX:+UseConcMarkSweepGC -XX:-UseLargePagesIndividualAllocation -XX:+UseParNewGC 
0.179: [GC (Allocation Failure)  69934K->27950K(253440K), 0.0041032 secs]
0.193: [GC (Allocation Failure)  97902K->53145K(253440K), 0.0051630 secs]
0.207: [GC (Allocation Failure)  123019K->78849K(253440K), 0.0105824 secs]
0.225: [GC (Allocation Failure)  148801K->101536K(253440K), 0.0090874 secs]
0.234: [GC (CMS Initial Mark)  102976K(253440K), 0.0003177 secs]
0.241: [GC (Allocation Failure)  171488K->130131K(253440K), 0.0114994 secs]
0.260: [GC (Allocation Failure)  199830K->152511K(253440K), 0.0092669 secs]
0.276: [GC (Allocation Failure)  222375K->173599K(253440K), 0.0089969 secs]
0.285: [GC (CMS Final Remark)  175370K(253440K), 0.0007380 secs]
0.293: [Full GC (Allocation Failure)  235873K->158248K(253440K), 0.0182236 secs]
0.312: [GC (CMS Initial Mark)  159965K(253440K), 0.0002694 secs]
0.319: [GC (Allocation Failure)  228200K->252871K(253440K), 0.0053571 secs]
0.325: [Full GC (Allocation Failure)  252871K->174666K(253440K), 0.0184269 secs]
0.351: [Full GC (Allocation Failure)  244618K->180374K(253440K), 0.0198425 secs]
0.372: [GC (CMS Initial Mark)  182049K(253440K), 0.0002917 secs]
0.373: [GC (CMS Final Remark)  194487K(253440K), 0.0006366 secs]
0.381: [Full GC (Allocation Failure)  253013K->194198K(253440K), 0.0219521 secs]
0.403: [GC (CMS Initial Mark)  194486K(253440K), 0.0002696 secs]
0.405: [GC (CMS Final Remark)  211451K(253440K), 0.0007933 secs]
0.410: [Full GC (Allocation Failure)  253042K->208773K(253440K), 0.0225967 secs]
0.433: [GC (CMS Initial Mark)  210230K(253440K), 0.0003303 secs]
0.435: [GC (CMS Final Remark)  225382K(253440K), 0.0008355 secs]
0.439: [Full GC (Allocation Failure)  253037K->215770K(253440K), 0.0227389 secs]
0.462: [GC (CMS Initial Mark)  217216K(253440K), 0.0003615 secs]
0.464: [GC (CMS Final Remark)  232147K(253440K), 0.0007650 secs]
0.467: [Full GC (Allocation Failure)  252272K->217556K(253440K), 0.0235540 secs]
0.491: [GC (CMS Initial Mark)  219304K(253440K), 0.0003025 secs]
0.493: [GC (CMS Final Remark)  228548K(253440K), 0.0006733 secs]
0.497: [Full GC (Allocation Failure)  253247K->222380K(253440K), 0.0228740 secs]
0.520: [GC (CMS Initial Mark)  222782K(253440K), 0.0001683 secs]
0.521: [GC (CMS Final Remark)  236454K(253440K), 0.0006888 secs]
0.524: [Full GC (Allocation Failure)  252777K->224370K(253440K), 0.0224143 secs]
0.547: [GC (CMS Initial Mark)  226474K(253440K), 0.0004171 secs]
0.549: [GC (CMS Final Remark)  240467K(253440K), 0.0007059 secs]
0.552: [Full GC (Allocation Failure)  252810K->228539K(253440K), 0.0234550 secs]
0.575: [GC (CMS Initial Mark)  229432K(253440K), 0.0003212 secs]
0.577: [GC (CMS Final Remark)  241751K(253440K), 0.0008739 secs]
0.580: [Full GC (Allocation Failure)  253350K->233784K(253440K), 0.0239011 secs]
0.604: [GC (CMS Initial Mark)  234589K(253440K), 0.0003643 secs]
0.606: [GC (CMS Final Remark)  244693K(253440K), 0.0007277 secs]
0.607: [Full GC (Allocation Failure)  252306K->235015K(253440K), 0.0264908 secs]
0.634: [GC (CMS Initial Mark)  235678K(253440K), 0.0002976 secs]
0.636: [GC (CMS Final Remark)  246280K(253440K), 0.0008195 secs]
0.637: [Full GC (Allocation Failure)  253076K->238222K(253440K), 0.0225852 secs]
0.660: [GC (CMS Initial Mark)  239058K(253440K), 0.0002729 secs]
0.662: [GC (CMS Final Remark)  248609K(253440K), 0.0008926 secs]
0.664: [Full GC (Allocation Failure)  253180K->239318K(253440K), 0.0231075 secs]
0.687: [GC (CMS Initial Mark)  239606K(253440K), 0.0003576 secs]
0.689: [Full GC (Allocation Failure)  253248K->241667K(253440K), 0.0246082 secs]
0.716: [Full GC (Allocation Failure)  253281K->243515K(253440K), 0.0252470 secs]
0.741: [GC (CMS Initial Mark)  244407K(253440K), 0.0003031 secs]
0.743: [Full GC (Allocation Failure)  253371K->244709K(253440K), 0.0240969 secs]
0.769: [Full GC (Allocation Failure)  253153K->246075K(253440K), 0.0230670 secs]
0.792: [GC (CMS Initial Mark)  246546K(253440K), 0.0003034 secs]
0.794: [Full GC (Allocation Failure)  253382K->246384K(253440K), 0.0227824 secs]
0.818: [Full GC (Allocation Failure)  253198K->247748K(253440K), 0.0249716 secs]
0.843: [GC (CMS Initial Mark)  248404K(253440K), 0.0003452 secs]
0.846: [Full GC (Allocation Failure)  253044K->249355K(253440K), 0.0259394 secs]
0.873: [Full GC (Allocation Failure)  253353K->249845K(253440K), 0.0121960 secs]
0.885: [GC (CMS Initial Mark)  249998K(253440K), 0.0003076 secs]
0.888: [Full GC (Allocation Failure)  253425K->251415K(253440K), 0.0215952 secs]
0.910: [Full GC (Allocation Failure)  253209K->251691K(253440K), 0.0033648 secs]
0.914: [GC (CMS Initial Mark)  251966K(253440K), 0.0001274 secs]
0.917: [Full GC (Allocation Failure)  253402K->251460K(253440K), 0.0135503 secs]
0.931: [Full GC (Allocation Failure)  253149K->252075K(253440K), 0.0141111 secs]
0.945: [GC (CMS Initial Mark)  252566K(253440K), 0.0003181 secs]
0.948: [Full GC (Allocation Failure)  252977K->252529K(253440K), 0.0014248 secs]
0.950: [Full GC (Allocation Failure)  252995K->252385K(253440K), 0.0014524 secs]
0.951: [GC (CMS Initial Mark)  252904K(253440K), 0.0003192 secs]
0.954: [Full GC (Allocation Failure)  252904K->252885K(253440K), 0.0129643 secs]
0.967: [Full GC (Allocation Failure)  252885K->252865K(253440K), 0.0173351 secs]
