Java HotSpot(TM) 64-Bit Server VM (25.221-b11) for windows-amd64 JRE (1.8.0_221-b11), built on Jul  4 2019 04:39:29 by "java_re" with MS VC++ 10.0 (VS2010)
Memory: 4k page, physical 16688608k(8719668k free), swap 17737184k(6864100k free)
CommandLine flags: -XX:InitialHeapSize=268435456 -XX:MaxHeapSize=268435456 -XX:+PrintGC -XX:+PrintGCTimeStamps -XX:+UseCompressedClassPointers -XX:+UseCompressedOops -XX:+UseG1GC -XX:-UseLargePagesIndividualAllocation 
0.159: [GC pause (G1 Evacuation Pause) (young) 16M->5140K(256M), 0.0015852 secs]
0.168: [GC pause (G1 Evacuation Pause) (young) 26M->11M(256M), 0.0023266 secs]
0.246: [GC pause (G1 Evacuation Pause) (young)-- 204M->139M(256M), 0.0046726 secs]
0.251: [GC pause (G1 Humongous Allocation) (young) (initial-mark) 143M->140M(256M), 0.0029733 secs]
0.254: [GC concurrent-root-region-scan-start]
0.254: [GC concurrent-root-region-scan-end, 0.0001074 secs]
0.254: [GC concurrent-mark-start]
0.255: [GC concurrent-mark-end, 0.0007759 secs]
0.255: [GC remark, 0.0012034 secs]
0.257: [GC cleanup 149M->149M(256M), 0.0010471 secs]
0.265: [GC pause (G1 Evacuation Pause) (young) 211M->163M(256M), 0.0027529 secs]
0.269: [GC pause (G1 Evacuation Pause) (mixed) 169M->142M(256M), 0.0024244 secs]
0.273: [GC pause (G1 Evacuation Pause) (mixed) 154M->127M(256M), 0.0026181 secs]
0.277: [GC pause (G1 Evacuation Pause) (mixed) 138M->122M(256M), 0.0017341 secs]
0.279: [GC pause (G1 Humongous Allocation) (young) (initial-mark) 124M->122M(256M), 0.0016749 secs]
0.281: [GC concurrent-root-region-scan-start]
0.281: [GC concurrent-root-region-scan-end, 0.0001031 secs]
0.281: [GC concurrent-mark-start]
0.282: [GC concurrent-mark-end, 0.0007271 secs]
0.282: [GC remark, 0.0011349 secs]
0.283: [GC cleanup 134M->132M(256M), 0.0009153 secs]
0.284: [GC concurrent-cleanup-start]
0.284: [GC concurrent-cleanup-end, 0.0000057 secs]
0.291: [GC pause (G1 Evacuation Pause) (young) 198M->151M(256M), 0.0033085 secs]
0.296: [GC pause (G1 Evacuation Pause) (mixed) 161M->151M(256M), 0.0024645 secs]
0.299: [GC pause (G1 Humongous Allocation) (young) (initial-mark) 155M->152M(256M), 0.0011869 secs]
0.300: [GC concurrent-root-region-scan-start]
0.300: [GC concurrent-root-region-scan-end, 0.0000760 secs]
0.300: [GC concurrent-mark-start]
0.301: [GC concurrent-mark-end, 0.0007158 secs]
0.301: [GC remark, 0.0009111 secs]
0.302: [GC cleanup 160M->158M(256M), 0.0005452 secs]
0.303: [GC concurrent-cleanup-start]
0.303: [GC concurrent-cleanup-end, 0.0000049 secs]
0.307: [GC pause (G1 Evacuation Pause) (young) 199M->166M(256M), 0.0028081 secs]
0.312: [GC pause (G1 Evacuation Pause) (mixed) 177M->162M(256M), 0.0032094 secs]
0.315: [GC pause (G1 Humongous Allocation) (young) (initial-mark) 163M->162M(256M), 0.0013583 secs]
0.316: [GC concurrent-root-region-scan-start]
0.316: [GC concurrent-root-region-scan-end, 0.0000980 secs]
0.316: [GC concurrent-mark-start]
0.317: [GC concurrent-mark-end, 0.0008067 secs]
0.317: [GC remark, 0.0009783 secs]
0.318: [GC cleanup 172M->172M(256M), 0.0005674 secs]
0.322: [GC pause (G1 Evacuation Pause) (young) 196M->173M(256M), 0.0024312 secs]
0.326: [GC pause (G1 Evacuation Pause) (mixed) 182M->169M(256M), 0.0021636 secs]
0.328: [GC pause (G1 Humongous Allocation) (young) (initial-mark) 170M->169M(256M), 0.0018722 secs]
0.330: [GC concurrent-root-region-scan-start]
0.330: [GC concurrent-root-region-scan-end, 0.0001052 secs]
0.330: [GC concurrent-mark-start]
0.331: [GC concurrent-mark-end, 0.0008229 secs]
0.331: [GC remark, 0.0011416 secs]
0.333: [GC cleanup 180M->180M(256M), 0.0011040 secs]
0.336: [GC pause (G1 Evacuation Pause) (young) 200M->177M(256M), 0.0026230 secs]
0.340: [GC pause (G1 Evacuation Pause) (mixed) 187M->177M(256M), 0.0026987 secs]
0.343: [GC pause (G1 Humongous Allocation) (young) (initial-mark) 177M->177M(256M), 0.0012251 secs]
0.344: [GC concurrent-root-region-scan-start]
0.345: [GC concurrent-root-region-scan-end, 0.0000248 secs]
0.345: [GC concurrent-mark-start]
0.346: [GC concurrent-mark-end, 0.0010396 secs]
0.346: [GC remark, 0.0012820 secs]
0.347: [GC cleanup 183M->183M(256M), 0.0009672 secs]
0.350: [GC pause (G1 Evacuation Pause) (young) 196M->183M(256M), 0.0016626 secs]
0.353: [GC pause (G1 Evacuation Pause) (mixed) 194M->179M(256M), 0.0025734 secs]
0.355: [GC pause (G1 Humongous Allocation) (young) (initial-mark) 181M->180M(256M), 0.0009677 secs]
0.356: [GC concurrent-root-region-scan-start]
0.357: [GC concurrent-root-region-scan-end, 0.0000703 secs]
0.357: [GC concurrent-mark-start]
0.357: [GC concurrent-mark-end, 0.0009568 secs]
0.358: [GC remark, 0.0017402 secs]
0.359: [GC cleanup 190M->190M(256M), 0.0005669 secs]
0.361: [GC pause (G1 Evacuation Pause) (young) 197M->187M(256M), 0.0012279 secs]
0.363: [GC pause (G1 Evacuation Pause) (mixed) 199M->188M(256M), 0.0022365 secs]
0.366: [GC pause (G1 Humongous Allocation) (young) (initial-mark) 190M->189M(256M), 0.0011079 secs]
0.367: [GC concurrent-root-region-scan-start]
0.367: [GC concurrent-root-region-scan-end, 0.0001124 secs]
0.367: [GC concurrent-mark-start]
0.368: [GC concurrent-mark-end, 0.0008152 secs]
0.368: [GC remark, 0.0009680 secs]
0.369: [GC cleanup 197M->197M(256M), 0.0005181 secs]
0.371: [GC pause (G1 Evacuation Pause) (young) 206M->196M(256M), 0.0014931 secs]
0.373: [GC pause (G1 Evacuation Pause) (mixed)-- 210M->206M(256M), 0.0020978 secs]
0.376: [GC pause (G1 Humongous Allocation) (young) (initial-mark) 207M->206M(256M), 0.0008566 secs]
0.377: [GC concurrent-root-region-scan-start]
0.377: [GC concurrent-root-region-scan-end, 0.0000601 secs]
0.377: [GC concurrent-mark-start]
0.378: [GC concurrent-mark-end, 0.0008646 secs]
0.378: [GC remark, 0.0009789 secs]
0.379: [GC cleanup 216M->216M(256M), 0.0004082 secs]
0.379: [GC pause (G1 Evacuation Pause) (young)-- 217M->214M(256M), 0.0008101 secs]
0.381: [GC pause (G1 Evacuation Pause) (mixed)-- 218M->218M(256M), 0.0007418 secs]
0.382: [GC pause (G1 Humongous Allocation) (young) (initial-mark) 218M->218M(256M), 0.0004451 secs]
0.382: [GC concurrent-root-region-scan-start]
0.382: [GC concurrent-root-region-scan-end, 0.0000037 secs]
0.382: [GC concurrent-mark-start]
0.382: [GC pause (G1 Evacuation Pause) (young) 218M->218M(256M), 0.0004408 secs]
0.383: [GC pause (G1 Humongous Allocation) (young)-- 218M->218M(256M), 0.0004439 secs]
0.383: [Full GC (Allocation Failure)  218M->180M(256M), 0.0155822 secs]
0.399: [GC concurrent-mark-abort]
0.399: [GC pause (G1 Humongous Allocation) (young) (initial-mark) 182M->180M(256M), 0.0010708 secs]
0.400: [GC concurrent-root-region-scan-start]
0.400: [GC concurrent-root-region-scan-end, 0.0001303 secs]
0.400: [GC concurrent-mark-start]
0.401: [GC concurrent-mark-end, 0.0008236 secs]
0.401: [GC remark, 0.0012249 secs]
0.403: [GC cleanup 192M->192M(256M), 0.0009184 secs]
0.404: [GC pause (G1 Evacuation Pause) (young) 196M->187M(256M), 0.0019747 secs]
0.406: [GC pause (G1 Humongous Allocation) (young) (initial-mark) 188M->187M(256M), 0.0007646 secs]
0.407: [GC concurrent-root-region-scan-start]
0.407: [GC concurrent-root-region-scan-end, 0.0000451 secs]
0.407: [GC concurrent-mark-start]
0.408: [GC concurrent-mark-end, 0.0008820 secs]
0.408: [GC remark, 0.0007750 secs]
0.409: [GC cleanup 197M->197M(256M), 0.0003042 secs]
0.410: [GC pause (G1 Evacuation Pause) (young)-- 199M->197M(256M), 0.0006755 secs]
0.411: [GC pause (G1 Humongous Allocation) (young) (initial-mark) 198M->198M(256M), 0.0005316 secs]
0.411: [GC concurrent-root-region-scan-start]
0.411: [GC concurrent-root-region-scan-end, 0.0000721 secs]
0.411: [GC concurrent-mark-start]
0.412: [GC pause (G1 Humongous Allocation) (young)-- 201M->200M(256M), 0.0005396 secs]
0.413: [GC pause (G1 Evacuation Pause) (young)-- 201M->201M(256M), 0.0004553 secs]
0.413: [Full GC (Allocation Failure)  201M->188M(256M), 0.0144578 secs]
0.428: [GC concurrent-mark-abort]
0.428: [GC pause (G1 Humongous Allocation) (young) (initial-mark) 189M->188M(256M), 0.0014579 secs]
0.430: [GC concurrent-root-region-scan-start]
0.430: [GC concurrent-root-region-scan-end, 0.0001106 secs]
0.430: [GC concurrent-mark-start]
0.431: [GC concurrent-mark-end, 0.0008802 secs]
0.431: [GC remark, 0.0011261 secs]
0.432: [GC pause (G1 Evacuation Pause) (young)-- 200M->197M(256M), 0.0010357 secs]
0.433: [GC cleanup 197M->197M(256M), 0.0005165 secs]
0.434: [GC pause (G1 Evacuation Pause) (young)-- 201M->200M(256M), 0.0006419 secs]
0.435: [GC pause (G1 Evacuation Pause) (young)-- 202M->202M(256M), 0.0004535 secs]
0.436: [Full GC (Allocation Failure)  202M->190M(256M), 0.0122978 secs]
0.448: [GC pause (G1 Humongous Allocation) (young) (initial-mark) 193M->191M(256M), 0.0012362 secs]
0.450: [GC concurrent-root-region-scan-start]
0.450: [GC concurrent-root-region-scan-end, 0.0001541 secs]
0.450: [GC concurrent-mark-start]
0.450: [GC concurrent-mark-end, 0.0008198 secs]
0.451: [GC remark, 0.0010923 secs]
0.452: [GC pause (G1 Evacuation Pause) (young)-- 200M->196M(256M), 0.0010162 secs]
0.453: [GC cleanup 197M->197M(256M), 0.0002321 secs]
0.453: [GC pause (G1 Evacuation Pause) (young)-- 201M->199M(256M), 0.0007433 secs]
0.455: [GC pause (G1 Humongous Allocation) (young) (initial-mark)-- 201M->201M(256M), 0.0006042 secs]
0.455: [GC concurrent-root-region-scan-start]
0.455: [GC concurrent-root-region-scan-end, 0.0000033 secs]
0.455: [GC concurrent-mark-start]
0.455: [GC pause (G1 Evacuation Pause) (young) 201M->201M(256M), 0.0004552 secs]
0.456: [GC pause (G1 Evacuation Pause) (young) 201M->201M(256M), 0.0004070 secs]
0.456: [Full GC (Allocation Failure)  201M->192M(256M), 0.0148904 secs]
0.471: [GC concurrent-mark-abort]
0.472: [GC pause (G1 Humongous Allocation) (young) (initial-mark) 197M->194M(256M), 0.0007546 secs]
0.473: [GC concurrent-root-region-scan-start]
0.473: [GC concurrent-root-region-scan-end, 0.0000482 secs]
0.473: [GC concurrent-mark-start]
0.473: [GC pause (G1 Evacuation Pause) (young)-- 198M->198M(256M), 0.0009307 secs]
0.474: [Full GC (Allocation Failure)  198M->195M(256M), 0.0110589 secs]
0.486: [GC concurrent-mark-abort]
0.486: [GC pause (G1 Evacuation Pause) (young)-- 200M->200M(256M), 0.0010414 secs]
0.487: [Full GC (Allocation Failure)  200M->195M(256M), 0.0070817 secs]
0.495: [GC pause (G1 Humongous Allocation) (young) (initial-mark) 196M->195M(256M), 0.0011016 secs]
0.496: [GC concurrent-root-region-scan-start]
0.496: [GC concurrent-root-region-scan-end, 0.0001310 secs]
0.496: [GC concurrent-mark-start]
0.496: [GC pause (G1 Humongous Allocation) (young)-- 199M->199M(256M), 0.0010792 secs]
0.497: [Full GC (Allocation Failure)  199M->197M(256M), 0.0044552 secs]
0.502: [GC concurrent-mark-abort]
0.502: [GC pause (G1 Humongous Allocation) (young)-- 198M->198M(256M), 0.0013564 secs]
0.504: [Full GC (Allocation Failure)  198M->198M(256M), 0.0023095 secs]
0.506: [GC pause (G1 Evacuation Pause) (young) (initial-mark) 199M->199M(256M), 0.0007300 secs]
0.507: [GC concurrent-root-region-scan-start]
0.507: [GC concurrent-root-region-scan-end, 0.0000038 secs]
0.507: [GC concurrent-mark-start]
0.507: [GC pause (G1 Evacuation Pause) (young) 199M->199M(256M), 0.0003913 secs]
0.507: [Full GC (Allocation Failure)  199M->198M(256M), 0.0018338 secs]
0.509: [Full GC (Allocation Failure)  198M->198M(256M), 0.0019963 secs]
0.511: [GC concurrent-mark-abort]
0.511: [GC pause (G1 Evacuation Pause) (young) 198M->198M(256M), 0.0005781 secs]
0.512: [GC pause (G1 Evacuation Pause) (young) (initial-mark) 198M->198M(256M), 0.0006529 secs]
0.513: [GC concurrent-root-region-scan-start]
0.513: [GC concurrent-root-region-scan-end, 0.0000032 secs]
0.513: [GC concurrent-mark-start]
0.513: [Full GC (Allocation Failure)  198M->632K(256M), 0.0019894 secs]
0.515: [GC concurrent-mark-abort]
