Java HotSpot(TM) 64-Bit Server VM (25.221-b11) for windows-amd64 JRE (1.8.0_221-b11), built on Jul  4 2019 04:39:29 by "java_re" with MS VC++ 10.0 (VS2010)
Memory: 4k page, physical 16688608k(8709088k free), swap 17737184k(6845480k free)
CommandLine flags: -XX:InitialHeapSize=536870912 -XX:MaxHeapSize=536870912 -XX:+PrintGC -XX:+PrintGCTimeStamps -XX:+UseCompressedClassPointers -XX:+UseCompressedOops -XX:+UseG1GC -XX:-UseLargePagesIndividualAllocation 
0.174: [GC pause (G1 Evacuation Pause) (young) 34M->16M(512M), 0.0025131 secs]
0.182: [GC pause (G1 Evacuation Pause) (young) 42M->24M(512M), 0.0023626 secs]
0.196: [GC pause (G1 Evacuation Pause) (young) 64M->38M(512M), 0.0027903 secs]
0.241: [GC pause (G1 Evacuation Pause) (young) 167M->84M(512M), 0.0055067 secs]
0.256: [GC pause (G1 Evacuation Pause) (young) 159M->110M(512M), 0.0050062 secs]
0.281: [GC pause (G1 Evacuation Pause) (young) 249M->151M(512M), 0.0056327 secs]
0.313: [GC pause (G1 Humongous Allocation) (young) (initial-mark) 303M->194M(512M), 0.0063259 secs]
0.319: [GC concurrent-root-region-scan-start]
0.320: [GC concurrent-root-region-scan-end, 0.0002365 secs]
0.320: [GC concurrent-mark-start]
0.321: [GC concurrent-mark-end, 0.0010774 secs]
0.321: [GC remark, 0.0010886 secs]
0.322: [GC cleanup 208M->208M(512M), 0.0008778 secs]
0.365: [GC pause (G1 Evacuation Pause) (young)-- 412M->317M(512M), 0.0070513 secs]
0.373: [GC pause (G1 Evacuation Pause) (mixed) 324M->314M(512M), 0.0034424 secs]
0.377: [GC pause (G1 Humongous Allocation) (young) (initial-mark) 316M->315M(512M), 0.0012215 secs]
0.379: [GC concurrent-root-region-scan-start]
0.379: [GC concurrent-root-region-scan-end, 0.0001005 secs]
0.379: [GC concurrent-mark-start]
0.380: [GC concurrent-mark-end, 0.0013169 secs]
0.380: [GC remark, 0.0012423 secs]
0.382: [GC cleanup 327M->327M(512M), 0.0011818 secs]
0.394: [GC pause (G1 Evacuation Pause) (young) 414M->341M(512M), 0.0035226 secs]
0.400: [GC pause (G1 Evacuation Pause) (mixed) 359M->303M(512M), 0.0035580 secs]
0.406: [GC pause (G1 Evacuation Pause) (mixed) 328M->276M(512M), 0.0034379 secs]
0.412: [GC pause (G1 Evacuation Pause) (mixed) 302M->279M(512M), 0.0022698 secs]
0.415: [GC pause (G1 Humongous Allocation) (young) (initial-mark) 281M->280M(512M), 0.0013186 secs]
0.416: [GC concurrent-root-region-scan-start]
0.416: [GC concurrent-root-region-scan-end, 0.0000778 secs]
0.416: [GC concurrent-mark-start]
0.417: [GC concurrent-mark-end, 0.0010053 secs]
0.417: [GC remark, 0.0011964 secs]
0.419: [GC cleanup 293M->293M(512M), 0.0005838 secs]
0.431: [GC pause (G1 Evacuation Pause) (young) 402M->315M(512M), 0.0040983 secs]
0.437: [GC pause (G1 Evacuation Pause) (mixed) 331M->297M(512M), 0.0046854 secs]
0.442: [GC pause (G1 Humongous Allocation) (young) (initial-mark) 299M->299M(512M), 0.0010959 secs]
0.443: [GC concurrent-root-region-scan-start]
0.443: [GC concurrent-root-region-scan-end, 0.0001005 secs]
0.443: [GC concurrent-mark-start]
0.445: [GC concurrent-mark-end, 0.0014047 secs]
0.445: [GC remark, 0.0011856 secs]
0.446: [GC cleanup 314M->314M(512M), 0.0010078 secs]
0.457: [GC pause (G1 Evacuation Pause) (young) 395M->331M(512M), 0.0037261 secs]
0.462: [GC pause (G1 Evacuation Pause) (mixed) 348M->306M(512M), 0.0045025 secs]
0.467: [GC pause (G1 Humongous Allocation) (young) (initial-mark) 310M->308M(512M), 0.0013798 secs]
0.469: [GC concurrent-root-region-scan-start]
0.469: [GC concurrent-root-region-scan-end, 0.0001171 secs]
0.469: [GC concurrent-mark-start]
0.470: [GC concurrent-mark-end, 0.0012251 secs]
0.470: [GC remark, 0.0009890 secs]
0.471: [GC cleanup 319M->318M(512M), 0.0006084 secs]
0.472: [GC concurrent-cleanup-start]
0.472: [GC concurrent-cleanup-end, 0.0000057 secs]
0.482: [GC pause (G1 Evacuation Pause) (young) 399M->332M(512M), 0.0038546 secs]
0.488: [GC pause (G1 Evacuation Pause) (mixed) 353M->319M(512M), 0.0041142 secs]
0.493: [GC pause (G1 Humongous Allocation) (young) (initial-mark) 321M->319M(512M), 0.0009681 secs]
0.494: [GC concurrent-root-region-scan-start]
0.494: [GC concurrent-root-region-scan-end, 0.0001045 secs]
0.494: [GC concurrent-mark-start]
0.495: [GC concurrent-mark-end, 0.0014118 secs]
0.495: [GC remark, 0.0011271 secs]
0.497: [GC cleanup 331M->331M(512M), 0.0009446 secs]
0.506: [GC pause (G1 Evacuation Pause) (young) 410M->348M(512M), 0.0037687 secs]
0.512: [GC pause (G1 Evacuation Pause) (mixed) 368M->333M(512M), 0.0044473 secs]
0.517: [GC pause (G1 Humongous Allocation) (young) (initial-mark) 337M->335M(512M), 0.0012907 secs]
0.518: [GC concurrent-root-region-scan-start]
0.518: [GC concurrent-root-region-scan-end, 0.0000774 secs]
0.518: [GC concurrent-mark-start]
0.520: [GC concurrent-mark-end, 0.0015697 secs]
0.520: [GC remark, 0.0011111 secs]
0.521: [GC cleanup 353M->353M(512M), 0.0006130 secs]
0.528: [GC pause (G1 Evacuation Pause) (young) 409M->357M(512M), 0.0031760 secs]
0.533: [GC pause (G1 Evacuation Pause) (mixed) 381M->342M(512M), 0.0046318 secs]
0.539: [GC pause (G1 Humongous Allocation) (young) (initial-mark) 346M->343M(512M), 0.0014978 secs]
0.540: [GC concurrent-root-region-scan-start]
0.540: [GC concurrent-root-region-scan-end, 0.0000774 secs]
0.540: [GC concurrent-mark-start]
0.542: [GC concurrent-mark-end, 0.0011692 secs]
0.542: [GC remark, 0.0014025 secs]
0.543: [GC cleanup 355M->355M(512M), 0.0005475 secs]
0.550: [GC pause (G1 Evacuation Pause) (young) 403M->360M(512M), 0.0032250 secs]
0.555: [GC pause (G1 Evacuation Pause) (mixed) 382M->348M(512M), 0.0043482 secs]
0.560: [GC pause (G1 Humongous Allocation) (young) (initial-mark) 353M->350M(512M), 0.0013927 secs]
0.562: [GC concurrent-root-region-scan-start]
0.562: [GC concurrent-root-region-scan-end, 0.0000779 secs]
0.562: [GC concurrent-mark-start]
0.563: [GC concurrent-mark-end, 0.0012602 secs]
0.563: [GC remark, 0.0012782 secs]
0.564: [GC cleanup 362M->362M(512M), 0.0002641 secs]
0.570: [GC pause (G1 Evacuation Pause) (young) 403M->363M(512M), 0.0029627 secs]
0.575: [GC pause (G1 Evacuation Pause) (mixed) 386M->352M(512M), 0.0043831 secs]
0.580: [GC pause (G1 Humongous Allocation) (young) (initial-mark) 355M->352M(512M), 0.0013476 secs]
0.581: [GC concurrent-root-region-scan-start]
0.581: [GC concurrent-root-region-scan-end, 0.0001162 secs]
0.581: [GC concurrent-mark-start]
0.583: [GC concurrent-mark-end, 0.0012186 secs]
0.583: [GC remark, 0.0011628 secs]
0.584: [GC cleanup 366M->366M(512M), 0.0007433 secs]
0.589: [GC pause (G1 Evacuation Pause) (young) 403M->361M(512M), 0.0024291 secs]
0.595: [GC pause (G1 Evacuation Pause) (mixed) 385M->350M(512M), 0.0047100 secs]
0.599: [GC pause (G1 Humongous Allocation) (young) (initial-mark) 351M->350M(512M), 0.0011560 secs]
0.601: [GC concurrent-root-region-scan-start]
0.601: [GC concurrent-root-region-scan-end, 0.0000790 secs]
0.601: [GC concurrent-mark-start]
0.602: [GC concurrent-mark-end, 0.0012869 secs]
0.602: [GC remark, 0.0010947 secs]
0.603: [GC cleanup 368M->368M(512M), 0.0007568 secs]
0.609: [GC pause (G1 Evacuation Pause) (young) 402M->360M(512M), 0.0025402 secs]
0.614: [GC pause (G1 Evacuation Pause) (mixed) 385M->351M(512M), 0.0044901 secs]
0.619: [GC pause (G1 Humongous Allocation) (young) (initial-mark) 360M->352M(512M), 0.0013377 secs]
0.621: [GC concurrent-root-region-scan-start]
0.621: [GC concurrent-root-region-scan-end, 0.0000743 secs]
0.621: [GC concurrent-mark-start]
0.622: [GC concurrent-mark-end, 0.0012634 secs]
0.622: [GC remark, 0.0011709 secs]
0.624: [GC cleanup 364M->364M(512M), 0.0006529 secs]
0.630: [GC pause (G1 Evacuation Pause) (young) 410M->370M(512M), 0.0025224 secs]
0.639: [GC pause (G1 Evacuation Pause) (mixed) 394M->363M(512M), 0.0049753 secs]
0.644: [GC pause (G1 Humongous Allocation) (young) (initial-mark) 365M->364M(512M), 0.0009193 secs]
0.645: [GC concurrent-root-region-scan-start]
0.645: [GC concurrent-root-region-scan-end, 0.0000250 secs]
0.645: [GC concurrent-mark-start]
0.647: [GC concurrent-mark-end, 0.0013298 secs]
0.647: [GC remark, 0.0013309 secs]
0.648: [GC cleanup 367M->367M(512M), 0.0005209 secs]
0.653: [GC pause (G1 Evacuation Pause) (young) 400M->371M(512M), 0.0015959 secs]
0.658: [GC pause (G1 Evacuation Pause) (mixed) 400M->363M(512M), 0.0046758 secs]
0.664: [GC pause (G1 Humongous Allocation) (young) (initial-mark) 374M->365M(512M), 0.0011412 secs]
0.666: [GC concurrent-root-region-scan-start]
0.666: [GC concurrent-root-region-scan-end, 0.0000700 secs]
0.666: [GC concurrent-mark-start]
0.667: [GC concurrent-mark-end, 0.0012349 secs]
0.667: [GC remark, 0.0009669 secs]
0.668: [GC cleanup 378M->378M(512M), 0.0004761 secs]
0.672: [GC pause (G1 Evacuation Pause) (young) 404M->376M(512M), 0.0021720 secs]
0.677: [GC pause (G1 Evacuation Pause) (mixed) 404M->371M(512M), 0.0036241 secs]
0.681: [GC pause (G1 Humongous Allocation) (young) (initial-mark) 373M->372M(512M), 0.0007472 secs]
0.682: [GC concurrent-root-region-scan-start]
0.682: [GC concurrent-root-region-scan-end, 0.0000584 secs]
0.682: [GC concurrent-mark-start]
0.683: [GC concurrent-mark-end, 0.0011961 secs]
0.683: [GC remark, 0.0008682 secs]
0.684: [GC cleanup 383M->383M(512M), 0.0002448 secs]
0.687: [GC pause (G1 Evacuation Pause) (young) 402M->379M(512M), 0.0019123 secs]
0.692: [GC pause (G1 Evacuation Pause) (mixed) 411M->369M(512M), 0.0049474 secs]
0.698: [GC pause (G1 Humongous Allocation) (young) (initial-mark) 371M->369M(512M), 0.0008437 secs]
0.699: [GC concurrent-root-region-scan-start]
0.699: [GC concurrent-root-region-scan-end, 0.0000213 secs]
0.699: [GC concurrent-mark-start]
0.700: [GC concurrent-mark-end, 0.0013172 secs]
0.700: [GC remark, 0.0009718 secs]
0.701: [GC cleanup 383M->383M(512M), 0.0002486 secs]
0.704: [GC pause (G1 Evacuation Pause) (young) 410M->382M(512M), 0.0025966 secs]
0.710: [GC pause (G1 Evacuation Pause) (mixed) 406M->374M(512M), 0.0034669 secs]
0.714: [GC pause (G1 Humongous Allocation) (young) (initial-mark) 380M->375M(512M), 0.0009018 secs]
0.715: [GC concurrent-root-region-scan-start]
0.715: [GC concurrent-root-region-scan-end, 0.0000801 secs]
0.715: [GC concurrent-mark-start]
0.716: [GC concurrent-mark-end, 0.0013893 secs]
0.716: [GC remark, 0.0010445 secs]
0.717: [GC cleanup 386M->386M(512M), 0.0003265 secs]
0.720: [GC pause (G1 Evacuation Pause) (young) 401M->384M(512M), 0.0016367 secs]
0.724: [GC pause (G1 Evacuation Pause) (mixed) 410M->374M(512M), 0.0046604 secs]
0.730: [GC pause (G1 Humongous Allocation) (young) (initial-mark) 382M->375M(512M), 0.0009543 secs]
0.731: [GC concurrent-root-region-scan-start]
0.731: [GC concurrent-root-region-scan-end, 0.0000649 secs]
0.731: [GC concurrent-mark-start]
0.732: [GC concurrent-mark-end, 0.0012763 secs]
0.733: [GC remark, 0.0011318 secs]
0.734: [GC cleanup 388M->388M(512M), 0.0002527 secs]
0.736: [GC pause (G1 Evacuation Pause) (young) 404M->379M(512M), 0.0017152 secs]
0.741: [GC pause (G1 Evacuation Pause) (mixed) 407M->373M(512M), 0.0045268 secs]
0.746: [GC pause (G1 Humongous Allocation) (young) (initial-mark) 374M->374M(512M), 0.0008726 secs]
0.747: [GC concurrent-root-region-scan-start]
0.747: [GC concurrent-root-region-scan-end, 0.0000626 secs]
0.747: [GC concurrent-mark-start]
0.748: [GC concurrent-mark-end, 0.0013232 secs]
0.748: [GC remark, 0.0009558 secs]
0.749: [GC cleanup 386M->386M(512M), 0.0002661 secs]
0.752: [GC pause (G1 Evacuation Pause) (young) 405M->385M(512M), 0.0031437 secs]
0.757: [GC pause (G1 Evacuation Pause) (mixed) 409M->379M(512M), 0.0038518 secs]
0.762: [GC pause (G1 Humongous Allocation) (young) (initial-mark) 381M->379M(512M), 0.0009255 secs]
0.763: [GC concurrent-root-region-scan-start]
0.763: [GC concurrent-root-region-scan-end, 0.0000914 secs]
0.763: [GC concurrent-mark-start]
0.764: [GC concurrent-mark-end, 0.0012873 secs]
0.764: [GC remark, 0.0009465 secs]
0.765: [GC cleanup 392M->392M(512M), 0.0002344 secs]
0.768: [GC pause (G1 Evacuation Pause) (young) 414M->387M(512M), 0.0020372 secs]
0.773: [GC pause (G1 Evacuation Pause) (mixed)-- 415M->381M(512M), 0.0043852 secs]
0.778: [GC pause (G1 Humongous Allocation) (young) (initial-mark) 390M->385M(512M), 0.0010552 secs]
0.779: [GC concurrent-root-region-scan-start]
0.779: [GC concurrent-root-region-scan-end, 0.0000695 secs]
0.779: [GC concurrent-mark-start]
0.780: [GC concurrent-mark-end, 0.0012192 secs]
0.780: [GC remark, 0.0009461 secs]
0.781: [GC cleanup 397M->397M(512M), 0.0002538 secs]
0.784: [GC pause (G1 Evacuation Pause) (young) 413M->391M(512M), 0.0017620 secs]
0.789: [GC pause (G1 Evacuation Pause) (mixed) 418M->374M(512M), 0.0035791 secs]
0.793: [GC pause (G1 Humongous Allocation) (young) (initial-mark) 379M->375M(512M), 0.0009911 secs]
0.794: [GC concurrent-root-region-scan-start]
0.794: [GC concurrent-root-region-scan-end, 0.0000748 secs]
0.794: [GC concurrent-mark-start]
0.796: [GC concurrent-mark-end, 0.0013376 secs]
0.796: [GC remark, 0.0009321 secs]
0.797: [GC cleanup 392M->392M(512M), 0.0002680 secs]
0.799: [GC pause (G1 Evacuation Pause) (young) 409M->389M(512M), 0.0019712 secs]
0.804: [GC pause (G1 Evacuation Pause) (mixed)-- 419M->389M(512M), 0.0039365 secs]
0.808: [GC pause (G1 Humongous Allocation) (young) (initial-mark) 389M->389M(512M), 0.0007570 secs]
0.809: [GC concurrent-root-region-scan-start]
0.809: [GC concurrent-root-region-scan-end, 0.0000032 secs]
0.809: [GC concurrent-mark-start]
0.810: [GC concurrent-mark-end, 0.0015631 secs]
0.810: [GC remark, 0.0009556 secs]
0.811: [GC cleanup 402M->402M(512M), 0.0003317 secs]
0.814: [GC pause (G1 Evacuation Pause) (young) 420M->398M(512M), 0.0018362 secs]
0.819: [GC pause (G1 Evacuation Pause) (mixed)-- 421M->415M(512M), 0.0035447 secs]
0.823: [GC pause (G1 Humongous Allocation) (young) (initial-mark) 415M->414M(512M), 0.0010654 secs]
0.824: [GC concurrent-root-region-scan-start]
0.824: [GC concurrent-root-region-scan-end, 0.0000211 secs]
0.824: [GC concurrent-mark-start]
0.825: [GC concurrent-mark-end, 0.0013400 secs]
0.825: [GC remark, 0.0010380 secs]
0.826: [GC cleanup 425M->425M(512M), 0.0003529 secs]
0.829: [GC pause (G1 Evacuation Pause) (young)-- 443M->434M(512M), 0.0013839 secs]
0.832: [GC pause (G1 Evacuation Pause) (mixed)-- 451M->443M(512M), 0.0008924 secs]
0.834: [GC pause (G1 Evacuation Pause) (mixed)-- 451M->449M(512M), 0.0006464 secs]
0.834: [GC pause (G1 Humongous Allocation) (young) (initial-mark) 450M->450M(512M), 0.0004061 secs]
0.835: [GC concurrent-root-region-scan-start]
0.835: [GC concurrent-root-region-scan-end, 0.0000622 secs]
0.835: [GC concurrent-mark-start]
0.835: [GC pause (G1 Evacuation Pause) (young)-- 451M->451M(512M), 0.0005276 secs]
0.836: [GC pause (G1 Humongous Allocation) (young)-- 451M->451M(512M), 0.0008466 secs]
0.837: [Full GC (Allocation Failure)  451M->336M(512M), 0.0288788 secs]
0.866: [GC concurrent-mark-abort]
0.866: [GC pause (G1 Humongous Allocation) (young) (initial-mark) 341M->338M(512M), 0.0007243 secs]
0.867: [GC concurrent-root-region-scan-start]
0.867: [GC concurrent-root-region-scan-end, 0.0000888 secs]
0.867: [GC concurrent-mark-start]
0.868: [GC concurrent-mark-end, 0.0011797 secs]
0.868: [GC remark, 0.0010041 secs]
0.869: [GC cleanup 352M->352M(512M), 0.0004696 secs]
0.872: [GC pause (G1 Evacuation Pause) (young) 367M->345M(512M), 0.0017937 secs]
0.874: [GC pause (G1 Humongous Allocation) (young) (initial-mark) 346M->346M(512M), 0.0007294 secs]
0.875: [GC concurrent-root-region-scan-start]
0.875: [GC concurrent-root-region-scan-end, 0.0000037 secs]
0.875: [GC concurrent-mark-start]
0.876: [GC concurrent-mark-end, 0.0014093 secs]
0.876: [GC remark, 0.0010815 secs]
0.878: [GC cleanup 357M->357M(512M), 0.0004971 secs]
0.881: [GC pause (G1 Evacuation Pause) (young) 375M->351M(512M), 0.0018470 secs]
0.885: [GC pause (G1 Evacuation Pause) (mixed) 374M->358M(512M), 0.0021192 secs]
0.888: [GC pause (G1 Humongous Allocation) (young) (initial-mark) 361M->358M(512M), 0.0012688 secs]
0.889: [GC concurrent-root-region-scan-start]
0.889: [GC concurrent-root-region-scan-end, 0.0000530 secs]
0.889: [GC concurrent-mark-start]
0.890: [GC concurrent-mark-end, 0.0014387 secs]
0.891: [GC remark, 0.0013349 secs]
0.892: [GC cleanup 374M->374M(512M), 0.0007426 secs]
0.895: [GC pause (G1 Evacuation Pause) (young) 388M->367M(512M), 0.0017617 secs]
0.900: [GC pause (G1 Evacuation Pause) (mixed) 395M->364M(512M), 0.0031160 secs]
0.903: [GC pause (G1 Humongous Allocation) (young) (initial-mark) 366M->365M(512M), 0.0012871 secs]
0.905: [GC concurrent-root-region-scan-start]
0.905: [GC concurrent-root-region-scan-end, 0.0000852 secs]
0.905: [GC concurrent-mark-start]
0.906: [GC concurrent-mark-end, 0.0014018 secs]
0.906: [GC remark, 0.0012024 secs]
0.907: [GC cleanup 379M->379M(512M), 0.0007073 secs]
0.911: [GC pause (G1 Evacuation Pause) (young) 395M->374M(512M), 0.0018675 secs]
0.915: [GC pause (G1 Evacuation Pause) (mixed)-- 397M->377M(512M), 0.0032796 secs]
0.919: [GC pause (G1 Humongous Allocation) (young) (initial-mark) 378M->377M(512M), 0.0014985 secs]
0.921: [GC concurrent-root-region-scan-start]
0.921: [GC concurrent-root-region-scan-end, 0.0000053 secs]
0.921: [GC concurrent-mark-start]
0.922: [GC concurrent-mark-end, 0.0013458 secs]
0.922: [GC remark, 0.0011588 secs]
0.923: [GC cleanup 388M->388M(512M), 0.0002967 secs]
0.926: [GC pause (G1 Evacuation Pause) (young) 407M->383M(512M), 0.0019340 secs]
0.931: [GC pause (G1 Evacuation Pause) (mixed)-- 415M->409M(512M), 0.0028598 secs]
0.934: [GC pause (G1 Humongous Allocation) (young) (initial-mark) 412M->409M(512M), 0.0008798 secs]
0.935: [GC concurrent-root-region-scan-start]
0.935: [GC concurrent-root-region-scan-end, 0.0000721 secs]
0.935: [GC concurrent-mark-start]
0.937: [GC concurrent-mark-end, 0.0019084 secs]
0.937: [GC remark, 0.0011579 secs]
0.938: [GC cleanup 425M->425M(512M), 0.0003958 secs]
0.939: [GC pause (G1 Evacuation Pause) (young)-- 428M->422M(512M), 0.0009762 secs]
0.942: [GC pause (G1 Evacuation Pause) (mixed)-- 431M->429M(512M), 0.0011023 secs]
0.944: [GC pause (G1 Evacuation Pause) (mixed)-- 431M->430M(512M), 0.0016639 secs]
0.945: [GC pause (G1 Evacuation Pause) (young)-- 431M->431M(512M), 0.0005811 secs]
0.946: [Full GC (Allocation Failure)  431M->344M(512M), 0.0297819 secs]
0.976: [GC pause (G1 Humongous Allocation) (young) (initial-mark) 344M->344M(512M), 0.0008348 secs]
0.977: [GC concurrent-root-region-scan-start]
0.977: [GC concurrent-root-region-scan-end, 0.0000251 secs]
0.977: [GC concurrent-mark-start]
0.978: [GC concurrent-mark-end, 0.0013573 secs]
0.978: [GC remark, 0.0009704 secs]
0.979: [GC cleanup 356M->356M(512M), 0.0005468 secs]
0.982: [GC pause (G1 Evacuation Pause) (young) 373M->348M(512M), 0.0015833 secs]
0.984: [GC pause (G1 Humongous Allocation) (young) (initial-mark) 350M->349M(512M), 0.0007846 secs]
0.985: [GC concurrent-root-region-scan-start]
0.985: [GC concurrent-root-region-scan-end, 0.0000684 secs]
0.985: [GC concurrent-mark-start]
0.986: [GC concurrent-mark-end, 0.0013587 secs]
0.986: [GC remark, 0.0012282 secs]
0.987: [GC cleanup 362M->362M(512M), 0.0003013 secs]
0.990: [GC pause (G1 Evacuation Pause) (young) 379M->355M(512M), 0.0017956 secs]
0.995: [GC pause (G1 Evacuation Pause) (mixed) 379M->358M(512M), 0.0017332 secs]
0.998: [GC pause (G1 Humongous Allocation) (young) (initial-mark) 368M->360M(512M), 0.0010320 secs]
0.999: [GC concurrent-root-region-scan-start]
0.999: [GC concurrent-root-region-scan-end, 0.0000840 secs]
0.999: [GC concurrent-mark-start]
1.001: [GC concurrent-mark-end, 0.0014533 secs]
1.001: [GC remark, 0.0009747 secs]
1.002: [GC cleanup 378M->378M(512M), 0.0004843 secs]
1.004: [GC pause (G1 Evacuation Pause) (young) 391M->374M(512M), 0.0022073 secs]
1.009: [GC pause (G1 Evacuation Pause) (mixed)-- 400M->397M(512M), 0.0029102 secs]
1.013: [GC pause (G1 Humongous Allocation) (young) (initial-mark) 405M->400M(512M), 0.0011486 secs]
1.015: [GC concurrent-root-region-scan-start]
1.015: [GC concurrent-root-region-scan-end, 0.0001117 secs]
1.015: [GC concurrent-mark-start]
1.016: [GC concurrent-mark-end, 0.0014384 secs]
1.016: [GC remark, 0.0013960 secs]
1.018: [GC cleanup 414M->414M(512M), 0.0004853 secs]
1.019: [GC pause (G1 Evacuation Pause) (young)-- 418M->415M(512M), 0.0014621 secs]
1.022: [GC pause (G1 Evacuation Pause) (mixed)-- 419M->416M(512M), 0.0011070 secs]
1.023: [GC pause (G1 Humongous Allocation) (mixed)-- 419M->418M(512M), 0.0009471 secs]
1.024: [GC pause (G1 Evacuation Pause) (young) (initial-mark)-- 420M->419M(512M), 0.0005389 secs]
1.025: [GC concurrent-root-region-scan-start]
1.025: [GC concurrent-root-region-scan-end, 0.0000037 secs]
1.025: [GC concurrent-mark-start]
1.025: [GC pause (G1 Humongous Allocation) (young)-- 420M->420M(512M), 0.0004387 secs]
1.026: [Full GC (Allocation Failure)  420M->342M(512M), 0.0307005 secs]
1.056: [GC concurrent-mark-abort]
1.057: [GC pause (G1 Humongous Allocation) (young) (initial-mark) 344M->342M(512M), 0.0004807 secs]
1.057: [GC concurrent-root-region-scan-start]
1.057: [GC concurrent-root-region-scan-end, 0.0000161 secs]
1.057: [GC concurrent-mark-start]
1.058: [GC concurrent-mark-end, 0.0011765 secs]
1.058: [GC remark, 0.0009754 secs]
1.059: [GC cleanup 354M->354M(512M), 0.0003926 secs]
1.062: [GC pause (G1 Evacuation Pause) (young) 370M->346M(512M), 0.0014567 secs]
1.065: [GC pause (G1 Humongous Allocation) (young) (initial-mark) 352M->347M(512M), 0.0009681 secs]
1.066: [GC concurrent-root-region-scan-start]
1.066: [GC concurrent-root-region-scan-end, 0.0000958 secs]
1.066: [GC concurrent-mark-start]
1.067: [GC concurrent-mark-end, 0.0013615 secs]
1.067: [GC remark, 0.0009799 secs]
1.068: [GC cleanup 361M->361M(512M), 0.0007629 secs]
1.071: [GC pause (G1 Evacuation Pause) (young) 377M->355M(512M), 0.0017064 secs]
1.076: [GC pause (G1 Evacuation Pause) (mixed) 380M->361M(512M), 0.0024244 secs]
1.079: [GC pause (G1 Humongous Allocation) (young) (initial-mark) 363M->361M(512M), 0.0008132 secs]
1.079: [GC concurrent-root-region-scan-start]
1.079: [GC concurrent-root-region-scan-end, 0.0000671 secs]
1.079: [GC concurrent-mark-start]
1.081: [GC concurrent-mark-end, 0.0012158 secs]
1.081: [GC remark, 0.0009586 secs]
1.082: [GC cleanup 371M->371M(512M), 0.0002612 secs]
1.085: [GC pause (G1 Evacuation Pause) (young) 394M->366M(512M), 0.0021542 secs]
1.090: [GC pause (G1 Evacuation Pause) (mixed) 389M->366M(512M), 0.0026585 secs]
1.092: [GC pause (G1 Humongous Allocation) (young) (initial-mark) 367M->367M(512M), 0.0009503 secs]
1.093: [GC concurrent-root-region-scan-start]
1.093: [GC concurrent-root-region-scan-end, 0.0000251 secs]
1.093: [GC concurrent-mark-start]
1.095: [GC concurrent-mark-end, 0.0017190 secs]
1.095: [GC remark, 0.0009784 secs]
1.096: [GC cleanup 379M->379M(512M), 0.0003215 secs]
1.099: [GC pause (G1 Evacuation Pause) (young) 399M->376M(512M), 0.0018065 secs]
1.104: [GC pause (G1 Evacuation Pause) (mixed)-- 402M->389M(512M), 0.0032686 secs]
1.107: [GC pause (G1 Humongous Allocation) (young) (initial-mark) 390M->388M(512M), 0.0007238 secs]
1.108: [GC concurrent-root-region-scan-start]
1.108: [GC concurrent-root-region-scan-end, 0.0000729 secs]
1.108: [GC concurrent-mark-start]
1.110: [GC concurrent-mark-end, 0.0014356 secs]
1.110: [GC remark, 0.0009928 secs]
1.111: [GC cleanup 402M->402M(512M), 0.0002833 secs]
1.113: [GC pause (G1 Evacuation Pause) (young)-- 422M->411M(512M), 0.0013696 secs]
1.117: [GC pause (G1 Humongous Allocation) (mixed)-- 428M->424M(512M), 0.0008567 secs]
1.118: [GC pause (G1 Humongous Allocation) (young) (initial-mark) 425M->425M(512M), 0.0004460 secs]
1.118: [GC concurrent-root-region-scan-start]
1.118: [GC concurrent-root-region-scan-end, 0.0000521 secs]
1.118: [GC concurrent-mark-start]
1.119: [GC pause (G1 Evacuation Pause) (young)-- 428M->428M(512M), 0.0010743 secs]
1.120: [Full GC (Allocation Failure)  428M->345M(512M), 0.0304284 secs]
1.151: [GC concurrent-mark-abort]
1.152: [GC pause (G1 Humongous Allocation) (young) (initial-mark) 351M->346M(512M), 0.0005500 secs]
1.152: [GC concurrent-root-region-scan-start]
1.152: [GC concurrent-root-region-scan-end, 0.0000860 secs]
1.152: [GC concurrent-mark-start]
1.154: [GC concurrent-mark-end, 0.0013919 secs]
1.154: [GC remark, 0.0013728 secs]
1.155: [GC cleanup 355M->355M(512M), 0.0004068 secs]
