Java HotSpot(TM) 64-Bit Server VM (25.221-b11) for windows-amd64 JRE (1.8.0_221-b11), built on Jul  4 2019 04:39:29 by "java_re" with MS VC++ 10.0 (VS2010)
Memory: 4k page, physical 16688608k(8629780k free), swap 17737184k(6643052k free)
CommandLine flags: -XX:InitialHeapSize=536870912 -XX:MaxHeapSize=536870912 -XX:MaxNewSize=178958336 -XX:MaxTenuringThreshold=6 -XX:NewSize=178958336 -XX:OldPLABSize=16 -XX:OldSize=357912576 -XX:+PrintGC -XX:+PrintGCTimeStamps -XX:+UseCompressedClassPointers -XX:+UseCompressedOops -XX:+UseConcMarkSweepGC -XX:-UseLargePagesIndividualAllocation -XX:+UseParNewGC 
0.210: [GC (Allocation Failure)  139776K->43637K(506816K), 0.0073568 secs]
0.233: [GC (Allocation Failure)  183413K->84506K(506816K), 0.0089355 secs]
0.257: [GC (Allocation Failure)  224215K->131504K(506816K), 0.0184957 secs]
0.290: [GC (Allocation Failure)  271148K->173173K(506816K), 0.0167194 secs]
0.322: [GC (Allocation Failure)  312949K->218575K(506816K), 0.0176311 secs]
0.340: [GC (CMS Initial Mark)  219207K(506816K), 0.0001898 secs]
0.355: [GC (Allocation Failure)  358351K->263355K(506816K), 0.0181059 secs]
0.389: [GC (Allocation Failure)  403131K->303118K(506816K), 0.0156554 secs]
0.421: [GC (Allocation Failure)  442894K->346820K(506816K), 0.0174588 secs]
0.439: [GC (CMS Final Remark)  352687K(506816K), 0.0007103 secs]
0.453: [GC (Allocation Failure)  447686K->352980K(506816K), 0.0090761 secs]
0.463: [GC (CMS Initial Mark)  356030K(506816K), 0.0001160 secs]
0.464: [GC (CMS Final Remark)  371496K(506816K), 0.0006923 secs]
0.478: [GC (Allocation Failure)  395410K->299766K(506816K), 0.0072772 secs]
0.485: [GC (CMS Initial Mark)  300165K(506816K), 0.0000861 secs]
0.499: [GC (Allocation Failure)  439542K->349548K(506816K), 0.0075995 secs]
0.507: [GC (CMS Final Remark)  349736K(506816K), 0.0006915 secs]
0.522: [Full GC (Allocation Failure)  461559K->298530K(506816K), 0.0329826 secs]
0.555: [GC (CMS Initial Mark)  301680K(506816K), 0.0003137 secs]
0.571: [GC (Allocation Failure)  438306K->341928K(506816K), 0.0049913 secs]
0.591: [Full GC (Allocation Failure)  481704K->308471K(506816K), 0.0337628 secs]
0.639: [GC (Allocation Failure)  448200K->355632K(506816K), 0.0060790 secs]
0.645: [GC (CMS Initial Mark)  359020K(506816K), 0.0003960 secs]
0.647: [GC (CMS Final Remark)  370909K(506816K), 0.0010738 secs]
0.662: [GC (Allocation Failure)  454291K->355296K(506816K), 0.0074400 secs]
0.669: [GC (CMS Initial Mark)  358285K(506816K), 0.0003600 secs]
0.671: [GC (CMS Final Remark)  369569K(506816K), 0.0008581 secs]
0.686: [Full GC (Allocation Failure)  456695K->325294K(506816K), 0.0356107 secs]
0.722: [GC (CMS Initial Mark)  328327K(506816K), 0.0004245 secs]
0.737: [Full GC (Allocation Failure)  465070K->331561K(506816K), 0.0359348 secs]
0.787: [Full GC (Allocation Failure)  471019K->337420K(506816K), 0.0364331 secs]
0.824: [GC (CMS Initial Mark)  337845K(506816K), 0.0002041 secs]
0.826: [GC (CMS Final Remark)  352979K(506816K), 0.0007678 secs]
0.839: [Full GC (Allocation Failure)  477176K->338617K(506816K), 0.0371589 secs]
0.877: [GC (CMS Initial Mark)  342184K(506816K), 0.0004156 secs]
0.879: [GC (CMS Final Remark)  358579K(506816K), 0.0009895 secs]
0.893: [Full GC (Allocation Failure)  477861K->341242K(506816K), 0.0377567 secs]
0.931: [GC (CMS Initial Mark)  344692K(506816K), 0.0004083 secs]
0.933: [GC (CMS Final Remark)  356833K(506816K), 0.0008893 secs]
0.948: [Full GC (Allocation Failure)  480551K->351403K(506816K), 0.0396165 secs]
0.988: [GC (CMS Initial Mark)  354878K(506816K), 0.0004207 secs]
0.990: [GC (CMS Final Remark)  373425K(506816K), 0.0007277 secs]
1.005: [Full GC (Allocation Failure)  505447K->359294K(506816K), 0.0386240 secs]
1.044: [GC (CMS Initial Mark)  362857K(506816K), 0.0004598 secs]
1.047: [GC (CMS Final Remark)  378510K(506816K), 0.0008159 secs]
1.062: [Full GC (Allocation Failure)  506444K->354455K(506816K), 0.0391933 secs]
1.102: [GC (CMS Initial Mark)  357284K(506816K), 0.0001443 secs]
1.104: [GC (CMS Final Remark)  373468K(506816K), 0.0008196 secs]
1.120: [Full GC (Allocation Failure)  506596K->356286K(506816K), 0.0379990 secs]
1.158: [GC (CMS Initial Mark)  359324K(506816K), 0.0003262 secs]
