Java HotSpot(TM) 64-Bit Server VM (25.221-b11) for windows-amd64 JRE (1.8.0_221-b11), built on Jul  4 2019 04:39:29 by "java_re" with MS VC++ 10.0 (VS2010)
Memory: 4k page, physical 16688608k(8822560k free), swap 17737184k(6922292k free)
CommandLine flags: -XX:InitialHeapSize=4294967296 -XX:MaxHeapSize=4294967296 -XX:+PrintGC -XX:+PrintGCDetails -XX:+PrintGCTimeStamps -XX:+UseCompressedClassPointers -XX:+UseCompressedOops -XX:-UseLargePagesIndividualAllocation -XX:+UseSerialGC 
0.604: [GC (Allocation Failure) 0.604: [DefNew: 1118528K->139775K(1258304K), 0.0859837 secs] 1118528K->233288K(4054528K), 0.0861573 secs] [Times: user=0.05 sys=0.03, real=0.09 secs] 
0.809: [GC (Allocation Failure) 0.809: [DefNew: 1258303K->139776K(1258304K), 0.1113912 secs] 1351816K->391703K(4054528K), 0.1114444 secs] [Times: user=0.09 sys=0.01, real=0.11 secs] 
1.043: [GC (Allocation Failure) 1.043: [DefNew: 1258304K->139775K(1258304K), 0.0880744 secs] 1510231K->543796K(4054528K), 0.0881227 secs] [Times: user=0.06 sys=0.03, real=0.09 secs] 
Heap
 def new generation   total 1258304K, used 387866K [0x00000006c0000000, 0x0000000715550000, 0x0000000715550000)
  eden space 1118528K,  22% used [0x00000006c0000000, 0x00000006cf246d90, 0x0000000704450000)
  from space 139776K,  99% used [0x000000070ccd0000, 0x000000071554fe20, 0x0000000715550000)
  to   space 139776K,   0% used [0x0000000704450000, 0x0000000704450000, 0x000000070ccd0000)
 tenured generation   total 2796224K, used 404020K [0x0000000715550000, 0x00000007c0000000, 0x00000007c0000000)
   the space 2796224K,  14% used [0x0000000715550000, 0x000000072dfdd360, 0x000000072dfdd400, 0x00000007c0000000)
 Metaspace       used 2777K, capacity 4486K, committed 4864K, reserved 1056768K
  class space    used 308K, capacity 386K, committed 512K, reserved 1048576K
